// Vitest Snapshot v1, https://vitest.dev/guide/snapshot.html

exports[`Test moveBlockDown > Basic 1`] = `
[
  {
    "children": [],
    "content": [
      {
        "styles": {},
        "text": "Paragraph 0",
        "type": "text",
      },
    ],
    "id": "paragraph-0",
    "props": {
      "backgroundColor": "default",
      "textAlignment": "left",
      "textColor": "default",
    },
    "type": "paragraph",
  },
  {
    "children": [
      {
        "children": [],
        "content": [
          {
            "styles": {},
            "text": "Nested Paragraph 1",
            "type": "text",
          },
        ],
        "id": "nested-paragraph-1",
        "props": {
          "backgroundColor": "default",
          "textAlignment": "left",
          "textColor": "default",
        },
        "type": "paragraph",
      },
    ],
    "content": [
      {
        "styles": {},
        "text": "Paragraph 1",
        "type": "text",
      },
    ],
    "id": "paragraph-1",
    "props": {
      "backgroundColor": "default",
      "textAlignment": "left",
      "textColor": "default",
    },
    "type": "paragraph",
  },
  {
    "children": [],
    "content": [
      {
        "styles": {},
        "text": "Paragraph 3",
        "type": "text",
      },
    ],
    "id": "paragraph-3",
    "props": {
      "backgroundColor": "default",
      "textAlignment": "left",
      "textColor": "default",
    },
    "type": "paragraph",
  },
  {
    "children": [],
    "content": [
      {
        "styles": {},
        "text": "Paragraph 2",
        "type": "text",
      },
    ],
    "id": "paragraph-2",
    "props": {
      "backgroundColor": "default",
      "textAlignment": "left",
      "textColor": "default",
    },
    "type": "paragraph",
  },
  {
    "children": [],
    "content": undefined,
    "id": "image-1",
    "props": {
      "backgroundColor": "default",
      "caption": "",
      "name": "",
      "previewWidth": 512,
      "showPreview": true,
      "textAlignment": "left",
      "url": "https://via.placeholder.com/150",
    },
    "type": "image",
  },
  {
    "children": [],
    "content": {
      "rows": [
        {
          "cells": [
            [
              {
                "styles": {},
                "text": "Cell 1",
                "type": "text",
              },
            ],
            [
              {
                "styles": {},
                "text": "Cell 2",
                "type": "text",
              },
            ],
            [
              {
                "styles": {},
                "text": "Cell 3",
                "type": "text",
              },
            ],
          ],
        },
        {
          "cells": [
            [
              {
                "styles": {},
                "text": "Cell 4",
                "type": "text",
              },
            ],
            [
              {
                "styles": {},
                "text": "Cell 5",
                "type": "text",
              },
            ],
            [
              {
                "styles": {},
                "text": "Cell 6",
                "type": "text",
              },
            ],
          ],
        },
        {
          "cells": [
            [
              {
                "styles": {},
                "text": "Cell 7",
                "type": "text",
              },
            ],
            [
              {
                "styles": {},
                "text": "Cell 8",
                "type": "text",
              },
            ],
            [
              {
                "styles": {},
                "text": "Cell 9",
                "type": "text",
              },
            ],
          ],
        },
      ],
      "type": "tableContent",
    },
    "id": "table-1",
    "props": {
      "backgroundColor": "default",
      "textColor": "default",
    },
    "type": "table",
  },
  {
    "children": [],
    "content": [],
    "id": "trailing-paragraph",
    "props": {
      "backgroundColor": "default",
      "textAlignment": "left",
      "textColor": "default",
    },
    "type": "paragraph",
  },
]
`;

exports[`Test moveBlockDown > Into children 1`] = `
[
  {
    "children": [
      {
        "children": [],
        "content": [
          {
            "styles": {},
            "text": "Paragraph 0",
            "type": "text",
          },
        ],
        "id": "paragraph-0",
        "props": {
          "backgroundColor": "default",
          "textAlignment": "left",
          "textColor": "default",
        },
        "type": "paragraph",
      },
      {
        "children": [],
        "content": [
          {
            "styles": {},
            "text": "Nested Paragraph 1",
            "type": "text",
          },
        ],
        "id": "nested-paragraph-1",
        "props": {
          "backgroundColor": "default",
          "textAlignment": "left",
          "textColor": "default",
        },
        "type": "paragraph",
      },
    ],
    "content": [
      {
        "styles": {},
        "text": "Paragraph 1",
        "type": "text",
      },
    ],
    "id": "paragraph-1",
    "props": {
      "backgroundColor": "default",
      "textAlignment": "left",
      "textColor": "default",
    },
    "type": "paragraph",
  },
  {
    "children": [],
    "content": [
      {
        "styles": {},
        "text": "Paragraph 2",
        "type": "text",
      },
    ],
    "id": "paragraph-2",
    "props": {
      "backgroundColor": "default",
      "textAlignment": "left",
      "textColor": "default",
    },
    "type": "paragraph",
  },
  {
    "children": [],
    "content": [
      {
        "styles": {},
        "text": "Paragraph 3",
        "type": "text",
      },
    ],
    "id": "paragraph-3",
    "props": {
      "backgroundColor": "default",
      "textAlignment": "left",
      "textColor": "default",
    },
    "type": "paragraph",
  },
  {
    "children": [],
    "content": undefined,
    "id": "image-1",
    "props": {
      "backgroundColor": "default",
      "caption": "",
      "name": "",
      "previewWidth": 512,
      "showPreview": true,
      "textAlignment": "left",
      "url": "https://via.placeholder.com/150",
    },
    "type": "image",
  },
  {
    "children": [],
    "content": {
      "rows": [
        {
          "cells": [
            [
              {
                "styles": {},
                "text": "Cell 1",
                "type": "text",
              },
            ],
            [
              {
                "styles": {},
                "text": "Cell 2",
                "type": "text",
              },
            ],
            [
              {
                "styles": {},
                "text": "Cell 3",
                "type": "text",
              },
            ],
          ],
        },
        {
          "cells": [
            [
              {
                "styles": {},
                "text": "Cell 4",
                "type": "text",
              },
            ],
            [
              {
                "styles": {},
                "text": "Cell 5",
                "type": "text",
              },
            ],
            [
              {
                "styles": {},
                "text": "Cell 6",
                "type": "text",
              },
            ],
          ],
        },
        {
          "cells": [
            [
              {
                "styles": {},
                "text": "Cell 7",
                "type": "text",
              },
            ],
            [
              {
                "styles": {},
                "text": "Cell 8",
                "type": "text",
              },
            ],
            [
              {
                "styles": {},
                "text": "Cell 9",
                "type": "text",
              },
            ],
          ],
        },
      ],
      "type": "tableContent",
    },
    "id": "table-1",
    "props": {
      "backgroundColor": "default",
      "textColor": "default",
    },
    "type": "table",
  },
  {
    "children": [],
    "content": [],
    "id": "trailing-paragraph",
    "props": {
      "backgroundColor": "default",
      "textAlignment": "left",
      "textColor": "default",
    },
    "type": "paragraph",
  },
]
`;

exports[`Test moveBlockDown > Last block 1`] = `
[
  {
    "children": [],
    "content": [
      {
        "styles": {},
        "text": "Paragraph 0",
        "type": "text",
      },
    ],
    "id": "paragraph-0",
    "props": {
      "backgroundColor": "default",
      "textAlignment": "left",
      "textColor": "default",
    },
    "type": "paragraph",
  },
  {
    "children": [
      {
        "children": [],
        "content": [
          {
            "styles": {},
            "text": "Nested Paragraph 1",
            "type": "text",
          },
        ],
        "id": "nested-paragraph-1",
        "props": {
          "backgroundColor": "default",
          "textAlignment": "left",
          "textColor": "default",
        },
        "type": "paragraph",
      },
    ],
    "content": [
      {
        "styles": {},
        "text": "Paragraph 1",
        "type": "text",
      },
    ],
    "id": "paragraph-1",
    "props": {
      "backgroundColor": "default",
      "textAlignment": "left",
      "textColor": "default",
    },
    "type": "paragraph",
  },
  {
    "children": [],
    "content": [
      {
        "styles": {},
        "text": "Paragraph 2",
        "type": "text",
      },
    ],
    "id": "paragraph-2",
    "props": {
      "backgroundColor": "default",
      "textAlignment": "left",
      "textColor": "default",
    },
    "type": "paragraph",
  },
  {
    "children": [],
    "content": [
      {
        "styles": {},
        "text": "Paragraph 3",
        "type": "text",
      },
    ],
    "id": "paragraph-3",
    "props": {
      "backgroundColor": "default",
      "textAlignment": "left",
      "textColor": "default",
    },
    "type": "paragraph",
  },
  {
    "children": [],
    "content": undefined,
    "id": "image-1",
    "props": {
      "backgroundColor": "default",
      "caption": "",
      "name": "",
      "previewWidth": 512,
      "showPreview": true,
      "textAlignment": "left",
      "url": "https://via.placeholder.com/150",
    },
    "type": "image",
  },
  {
    "children": [],
    "content": {
      "rows": [
        {
          "cells": [
            [
              {
                "styles": {},
                "text": "Cell 1",
                "type": "text",
              },
            ],
            [
              {
                "styles": {},
                "text": "Cell 2",
                "type": "text",
              },
            ],
            [
              {
                "styles": {},
                "text": "Cell 3",
                "type": "text",
              },
            ],
          ],
        },
        {
          "cells": [
            [
              {
                "styles": {},
                "text": "Cell 4",
                "type": "text",
              },
            ],
            [
              {
                "styles": {},
                "text": "Cell 5",
                "type": "text",
              },
            ],
            [
              {
                "styles": {},
                "text": "Cell 6",
                "type": "text",
              },
            ],
          ],
        },
        {
          "cells": [
            [
              {
                "styles": {},
                "text": "Cell 7",
                "type": "text",
              },
            ],
            [
              {
                "styles": {},
                "text": "Cell 8",
                "type": "text",
              },
            ],
            [
              {
                "styles": {},
                "text": "Cell 9",
                "type": "text",
              },
            ],
          ],
        },
      ],
      "type": "tableContent",
    },
    "id": "table-1",
    "props": {
      "backgroundColor": "default",
      "textColor": "default",
    },
    "type": "table",
  },
  {
    "children": [],
    "content": [],
    "id": "trailing-paragraph",
    "props": {
      "backgroundColor": "default",
      "textAlignment": "left",
      "textColor": "default",
    },
    "type": "paragraph",
  },
]
`;

exports[`Test moveBlockDown > Out of children 1`] = `
[
  {
    "children": [],
    "content": [
      {
        "styles": {},
        "text": "Paragraph 0",
        "type": "text",
      },
    ],
    "id": "paragraph-0",
    "props": {
      "backgroundColor": "default",
      "textAlignment": "left",
      "textColor": "default",
    },
    "type": "paragraph",
  },
  {
    "children": [],
    "content": [
      {
        "styles": {},
        "text": "Paragraph 1",
        "type": "text",
      },
    ],
    "id": "paragraph-1",
    "props": {
      "backgroundColor": "default",
      "textAlignment": "left",
      "textColor": "default",
    },
    "type": "paragraph",
  },
  {
    "children": [],
    "content": [
      {
        "styles": {},
        "text": "Nested Paragraph 1",
        "type": "text",
      },
    ],
    "id": "nested-paragraph-1",
    "props": {
      "backgroundColor": "default",
      "textAlignment": "left",
      "textColor": "default",
    },
    "type": "paragraph",
  },
  {
    "children": [],
    "content": [
      {
        "styles": {},
        "text": "Paragraph 2",
        "type": "text",
      },
    ],
    "id": "paragraph-2",
    "props": {
      "backgroundColor": "default",
      "textAlignment": "left",
      "textColor": "default",
    },
    "type": "paragraph",
  },
  {
    "children": [],
    "content": [
      {
        "styles": {},
        "text": "Paragraph 3",
        "type": "text",
      },
    ],
    "id": "paragraph-3",
    "props": {
      "backgroundColor": "default",
      "textAlignment": "left",
      "textColor": "default",
    },
    "type": "paragraph",
  },
  {
    "children": [],
    "content": undefined,
    "id": "image-1",
    "props": {
      "backgroundColor": "default",
      "caption": "",
      "name": "",
      "previewWidth": 512,
      "showPreview": true,
      "textAlignment": "left",
      "url": "https://via.placeholder.com/150",
    },
    "type": "image",
  },
  {
    "children": [],
    "content": {
      "rows": [
        {
          "cells": [
            [
              {
                "styles": {},
                "text": "Cell 1",
                "type": "text",
              },
            ],
            [
              {
                "styles": {},
                "text": "Cell 2",
                "type": "text",
              },
            ],
            [
              {
                "styles": {},
                "text": "Cell 3",
                "type": "text",
              },
            ],
          ],
        },
        {
          "cells": [
            [
              {
                "styles": {},
                "text": "Cell 4",
                "type": "text",
              },
            ],
            [
              {
                "styles": {},
                "text": "Cell 5",
                "type": "text",
              },
            ],
            [
              {
                "styles": {},
                "text": "Cell 6",
                "type": "text",
              },
            ],
          ],
        },
        {
          "cells": [
            [
              {
                "styles": {},
                "text": "Cell 7",
                "type": "text",
              },
            ],
            [
              {
                "styles": {},
                "text": "Cell 8",
                "type": "text",
              },
            ],
            [
              {
                "styles": {},
                "text": "Cell 9",
                "type": "text",
              },
            ],
          ],
        },
      ],
      "type": "tableContent",
    },
    "id": "table-1",
    "props": {
      "backgroundColor": "default",
      "textColor": "default",
    },
    "type": "table",
  },
  {
    "children": [],
    "content": [],
    "id": "trailing-paragraph",
    "props": {
      "backgroundColor": "default",
      "textAlignment": "left",
      "textColor": "default",
    },
    "type": "paragraph",
  },
]
`;

exports[`Test moveBlockUp > Basic 1`] = `
[
  {
    "children": [],
    "content": [
      {
        "styles": {},
        "text": "Paragraph 0",
        "type": "text",
      },
    ],
    "id": "paragraph-0",
    "props": {
      "backgroundColor": "default",
      "textAlignment": "left",
      "textColor": "default",
    },
    "type": "paragraph",
  },
  {
    "children": [
      {
        "children": [],
        "content": [
          {
            "styles": {},
            "text": "Nested Paragraph 1",
            "type": "text",
          },
        ],
        "id": "nested-paragraph-1",
        "props": {
          "backgroundColor": "default",
          "textAlignment": "left",
          "textColor": "default",
        },
        "type": "paragraph",
      },
    ],
    "content": [
      {
        "styles": {},
        "text": "Paragraph 1",
        "type": "text",
      },
    ],
    "id": "paragraph-1",
    "props": {
      "backgroundColor": "default",
      "textAlignment": "left",
      "textColor": "default",
    },
    "type": "paragraph",
  },
  {
    "children": [],
    "content": [
      {
        "styles": {},
        "text": "Paragraph 3",
        "type": "text",
      },
    ],
    "id": "paragraph-3",
    "props": {
      "backgroundColor": "default",
      "textAlignment": "left",
      "textColor": "default",
    },
    "type": "paragraph",
  },
  {
    "children": [],
    "content": [
      {
        "styles": {},
        "text": "Paragraph 2",
        "type": "text",
      },
    ],
    "id": "paragraph-2",
    "props": {
      "backgroundColor": "default",
      "textAlignment": "left",
      "textColor": "default",
    },
    "type": "paragraph",
  },
  {
    "children": [],
    "content": undefined,
    "id": "image-1",
    "props": {
      "backgroundColor": "default",
      "caption": "",
      "name": "",
      "previewWidth": 512,
      "showPreview": true,
      "textAlignment": "left",
      "url": "https://via.placeholder.com/150",
    },
    "type": "image",
  },
  {
    "children": [],
    "content": {
      "rows": [
        {
          "cells": [
            [
              {
                "styles": {},
                "text": "Cell 1",
                "type": "text",
              },
            ],
            [
              {
                "styles": {},
                "text": "Cell 2",
                "type": "text",
              },
            ],
            [
              {
                "styles": {},
                "text": "Cell 3",
                "type": "text",
              },
            ],
          ],
        },
        {
          "cells": [
            [
              {
                "styles": {},
                "text": "Cell 4",
                "type": "text",
              },
            ],
            [
              {
                "styles": {},
                "text": "Cell 5",
                "type": "text",
              },
            ],
            [
              {
                "styles": {},
                "text": "Cell 6",
                "type": "text",
              },
            ],
          ],
        },
        {
          "cells": [
            [
              {
                "styles": {},
                "text": "Cell 7",
                "type": "text",
              },
            ],
            [
              {
                "styles": {},
                "text": "Cell 8",
                "type": "text",
              },
            ],
            [
              {
                "styles": {},
                "text": "Cell 9",
                "type": "text",
              },
            ],
          ],
        },
      ],
      "type": "tableContent",
    },
    "id": "table-1",
    "props": {
      "backgroundColor": "default",
      "textColor": "default",
    },
    "type": "table",
  },
  {
    "children": [],
    "content": [],
    "id": "trailing-paragraph",
    "props": {
      "backgroundColor": "default",
      "textAlignment": "left",
      "textColor": "default",
    },
    "type": "paragraph",
  },
]
`;

exports[`Test moveBlockUp > First block 1`] = `
[
  {
    "children": [],
    "content": [
      {
        "styles": {},
        "text": "Paragraph 0",
        "type": "text",
      },
    ],
    "id": "paragraph-0",
    "props": {
      "backgroundColor": "default",
      "textAlignment": "left",
      "textColor": "default",
    },
    "type": "paragraph",
  },
  {
    "children": [
      {
        "children": [],
        "content": [
          {
            "styles": {},
            "text": "Nested Paragraph 1",
            "type": "text",
          },
        ],
        "id": "nested-paragraph-1",
        "props": {
          "backgroundColor": "default",
          "textAlignment": "left",
          "textColor": "default",
        },
        "type": "paragraph",
      },
    ],
    "content": [
      {
        "styles": {},
        "text": "Paragraph 1",
        "type": "text",
      },
    ],
    "id": "paragraph-1",
    "props": {
      "backgroundColor": "default",
      "textAlignment": "left",
      "textColor": "default",
    },
    "type": "paragraph",
  },
  {
    "children": [],
    "content": [
      {
        "styles": {},
        "text": "Paragraph 2",
        "type": "text",
      },
    ],
    "id": "paragraph-2",
    "props": {
      "backgroundColor": "default",
      "textAlignment": "left",
      "textColor": "default",
    },
    "type": "paragraph",
  },
  {
    "children": [],
    "content": [
      {
        "styles": {},
        "text": "Paragraph 3",
        "type": "text",
      },
    ],
    "id": "paragraph-3",
    "props": {
      "backgroundColor": "default",
      "textAlignment": "left",
      "textColor": "default",
    },
    "type": "paragraph",
  },
  {
    "children": [],
    "content": undefined,
    "id": "image-1",
    "props": {
      "backgroundColor": "default",
      "caption": "",
      "name": "",
      "previewWidth": 512,
      "showPreview": true,
      "textAlignment": "left",
      "url": "https://via.placeholder.com/150",
    },
    "type": "image",
  },
  {
    "children": [],
    "content": {
      "rows": [
        {
          "cells": [
            [
              {
                "styles": {},
                "text": "Cell 1",
                "type": "text",
              },
            ],
            [
              {
                "styles": {},
                "text": "Cell 2",
                "type": "text",
              },
            ],
            [
              {
                "styles": {},
                "text": "Cell 3",
                "type": "text",
              },
            ],
          ],
        },
        {
          "cells": [
            [
              {
                "styles": {},
                "text": "Cell 4",
                "type": "text",
              },
            ],
            [
              {
                "styles": {},
                "text": "Cell 5",
                "type": "text",
              },
            ],
            [
              {
                "styles": {},
                "text": "Cell 6",
                "type": "text",
              },
            ],
          ],
        },
        {
          "cells": [
            [
              {
                "styles": {},
                "text": "Cell 7",
                "type": "text",
              },
            ],
            [
              {
                "styles": {},
                "text": "Cell 8",
                "type": "text",
              },
            ],
            [
              {
                "styles": {},
                "text": "Cell 9",
                "type": "text",
              },
            ],
          ],
        },
      ],
      "type": "tableContent",
    },
    "id": "table-1",
    "props": {
      "backgroundColor": "default",
      "textColor": "default",
    },
    "type": "table",
  },
  {
    "children": [],
    "content": [],
    "id": "trailing-paragraph",
    "props": {
      "backgroundColor": "default",
      "textAlignment": "left",
      "textColor": "default",
    },
    "type": "paragraph",
  },
]
`;

exports[`Test moveBlockUp > Into children 1`] = `
[
  {
    "children": [],
    "content": [
      {
        "styles": {},
        "text": "Paragraph 0",
        "type": "text",
      },
    ],
    "id": "paragraph-0",
    "props": {
      "backgroundColor": "default",
      "textAlignment": "left",
      "textColor": "default",
    },
    "type": "paragraph",
  },
  {
    "children": [
      {
        "children": [],
        "content": [
          {
            "styles": {},
            "text": "Nested Paragraph 1",
            "type": "text",
          },
        ],
        "id": "nested-paragraph-1",
        "props": {
          "backgroundColor": "default",
          "textAlignment": "left",
          "textColor": "default",
        },
        "type": "paragraph",
      },
      {
        "children": [],
        "content": [
          {
            "styles": {},
            "text": "Paragraph 2",
            "type": "text",
          },
        ],
        "id": "paragraph-2",
        "props": {
          "backgroundColor": "default",
          "textAlignment": "left",
          "textColor": "default",
        },
        "type": "paragraph",
      },
    ],
    "content": [
      {
        "styles": {},
        "text": "Paragraph 1",
        "type": "text",
      },
    ],
    "id": "paragraph-1",
    "props": {
      "backgroundColor": "default",
      "textAlignment": "left",
      "textColor": "default",
    },
    "type": "paragraph",
  },
  {
    "children": [],
    "content": [
      {
        "styles": {},
        "text": "Paragraph 3",
        "type": "text",
      },
    ],
    "id": "paragraph-3",
    "props": {
      "backgroundColor": "default",
      "textAlignment": "left",
      "textColor": "default",
    },
    "type": "paragraph",
  },
  {
    "children": [],
    "content": undefined,
    "id": "image-1",
    "props": {
      "backgroundColor": "default",
      "caption": "",
      "name": "",
      "previewWidth": 512,
      "showPreview": true,
      "textAlignment": "left",
      "url": "https://via.placeholder.com/150",
    },
    "type": "image",
  },
  {
    "children": [],
    "content": {
      "rows": [
        {
          "cells": [
            [
              {
                "styles": {},
                "text": "Cell 1",
                "type": "text",
              },
            ],
            [
              {
                "styles": {},
                "text": "Cell 2",
                "type": "text",
              },
            ],
            [
              {
                "styles": {},
                "text": "Cell 3",
                "type": "text",
              },
            ],
          ],
        },
        {
          "cells": [
            [
              {
                "styles": {},
                "text": "Cell 4",
                "type": "text",
              },
            ],
            [
              {
                "styles": {},
                "text": "Cell 5",
                "type": "text",
              },
            ],
            [
              {
                "styles": {},
                "text": "Cell 6",
                "type": "text",
              },
            ],
          ],
        },
        {
          "cells": [
            [
              {
                "styles": {},
                "text": "Cell 7",
                "type": "text",
              },
            ],
            [
              {
                "styles": {},
                "text": "Cell 8",
                "type": "text",
              },
            ],
            [
              {
                "styles": {},
                "text": "Cell 9",
                "type": "text",
              },
            ],
          ],
        },
      ],
      "type": "tableContent",
    },
    "id": "table-1",
    "props": {
      "backgroundColor": "default",
      "textColor": "default",
    },
    "type": "table",
  },
  {
    "children": [],
    "content": [],
    "id": "trailing-paragraph",
    "props": {
      "backgroundColor": "default",
      "textAlignment": "left",
      "textColor": "default",
    },
    "type": "paragraph",
  },
]
`;

exports[`Test moveBlockUp > Out of children 1`] = `
[
  {
    "children": [],
    "content": [
      {
        "styles": {},
        "text": "Paragraph 0",
        "type": "text",
      },
    ],
    "id": "paragraph-0",
    "props": {
      "backgroundColor": "default",
      "textAlignment": "left",
      "textColor": "default",
    },
    "type": "paragraph",
  },
  {
    "children": [],
    "content": [
      {
        "styles": {},
        "text": "Nested Paragraph 1",
        "type": "text",
      },
    ],
    "id": "nested-paragraph-1",
    "props": {
      "backgroundColor": "default",
      "textAlignment": "left",
      "textColor": "default",
    },
    "type": "paragraph",
  },
  {
    "children": [],
    "content": [
      {
        "styles": {},
        "text": "Paragraph 1",
        "type": "text",
      },
    ],
    "id": "paragraph-1",
    "props": {
      "backgroundColor": "default",
      "textAlignment": "left",
      "textColor": "default",
    },
    "type": "paragraph",
  },
  {
    "children": [],
    "content": [
      {
        "styles": {},
        "text": "Paragraph 2",
        "type": "text",
      },
    ],
    "id": "paragraph-2",
    "props": {
      "backgroundColor": "default",
      "textAlignment": "left",
      "textColor": "default",
    },
    "type": "paragraph",
  },
  {
    "children": [],
    "content": [
      {
        "styles": {},
        "text": "Paragraph 3",
        "type": "text",
      },
    ],
    "id": "paragraph-3",
    "props": {
      "backgroundColor": "default",
      "textAlignment": "left",
      "textColor": "default",
    },
    "type": "paragraph",
  },
  {
    "children": [],
    "content": undefined,
    "id": "image-1",
    "props": {
      "backgroundColor": "default",
      "caption": "",
      "name": "",
      "previewWidth": 512,
      "showPreview": true,
      "textAlignment": "left",
      "url": "https://via.placeholder.com/150",
    },
    "type": "image",
  },
  {
    "children": [],
    "content": {
      "rows": [
        {
          "cells": [
            [
              {
                "styles": {},
                "text": "Cell 1",
                "type": "text",
              },
            ],
            [
              {
                "styles": {},
                "text": "Cell 2",
                "type": "text",
              },
            ],
            [
              {
                "styles": {},
                "text": "Cell 3",
                "type": "text",
              },
            ],
          ],
        },
        {
          "cells": [
            [
              {
                "styles": {},
                "text": "Cell 4",
                "type": "text",
              },
            ],
            [
              {
                "styles": {},
                "text": "Cell 5",
                "type": "text",
              },
            ],
            [
              {
                "styles": {},
                "text": "Cell 6",
                "type": "text",
              },
            ],
          ],
        },
        {
          "cells": [
            [
              {
                "styles": {},
                "text": "Cell 7",
                "type": "text",
              },
            ],
            [
              {
                "styles": {},
                "text": "Cell 8",
                "type": "text",
              },
            ],
            [
              {
                "styles": {},
                "text": "Cell 9",
                "type": "text",
              },
            ],
          ],
        },
      ],
      "type": "tableContent",
    },
    "id": "table-1",
    "props": {
      "backgroundColor": "default",
      "textColor": "default",
    },
    "type": "table",
  },
  {
    "children": [],
    "content": [],
    "id": "trailing-paragraph",
    "props": {
      "backgroundColor": "default",
      "textAlignment": "left",
      "textColor": "default",
    },
    "type": "paragraph",
  },
]
`;
