<h2 data-text-color="red" data-level="2">Heading 1</h2><p>Nested Paragraph 1</p>