<p>Nested Paragraph 1</p><p>Nested Paragraph 2</p><p>Nested Paragraph 3</p><h2 data-text-color="red" data-level="2">Heading 2</h2><p>Nested Paragraph 1</p><p>Nested Paragraph 2</p><p>Nested Paragraph 3</p>