<h2 data-text-color="red" data-level="2"><strong>Bold</strong><em>Italic</em>Regular</h2><img src="https://ralfvanveen.com/wp-content/uploads/2021/06/Placeholder-_-Glossary.svg" alt="BlockNote image" width="512" data-url="https://ralfvanveen.com/wp-content/uploads/2021/06/Placeholder-_-Glossary.svg"><p>Nested Paragraph</p>