<h2 data-text-color="red" data-level="2">ding 1</h2><p>Nested </p>