<div class="bn-file-block-content-wrapper"><div class="bn-file-and-caption-wrapper"><div class="bn-file" draggable="false">exampleURL</div><p class="bn-file-caption">Caption</p></div></div><div class="bn-file-block-content-wrapper"><div class="bn-file-and-caption-wrapper"><div class="bn-file" draggable="false">exampleURL</div><p class="bn-file-caption">Caption</p></div></div>