[
  {
    "id": "1",
    "type": "bulletListItem",
    "props": {
      "textColor": "default",
      "backgroundColor": "default",
      "textAlignment": "left"
    },
    "content": [
      {
        "type": "text",
        "text": "First",
        "styles": {}
      }
    ],
    "children": []
  },
  {
    "id": "2",
    "type": "bulletListItem",
    "props": {
      "textColor": "default",
      "backgroundColor": "default",
      "textAlignment": "left"
    },
    "content": [
      {
        "type": "text",
        "text": "Second",
        "styles": {}
      }
    ],
    "children": []
  },
  {
    "id": "3",
    "type": "bulletListItem",
    "props": {
      "textColor": "default",
      "backgroundColor": "default",
      "textAlignment": "left"
    },
    "content": [
      {
        "type": "text",
        "text": "Third",
        "styles": {}
      }
    ],
    "children": []
  },
  {
    "id": "4",
    "type": "checkListItem",
    "props": {
      "textColor": "default",
      "backgroundColor": "default",
      "textAlignment": "left",
      "checked": false
    },
    "content": [
      {
        "type": "text",
        "text": "Fourth",
        "styles": {}
      }
    ],
    "children": []
  },
  {
    "id": "5",
    "type": "checkListItem",
    "props": {
      "textColor": "default",
      "backgroundColor": "default",
      "textAlignment": "left",
      "checked": false
    },
    "content": [
      {
        "type": "text",
        "text": "Fifth",
        "styles": {}
      }
    ],
    "children": []
  },
  {
    "id": "6",
    "type": "bulletListItem",
    "props": {
      "textColor": "default",
      "backgroundColor": "default",
      "textAlignment": "left"
    },
    "content": [
      {
        "type": "text",
        "text": "Five Parent",
        "styles": {}
      }
    ],
    "children": [
      {
        "id": "7",
        "type": "bulletListItem",
        "props": {
          "textColor": "default",
          "backgroundColor": "default",
          "textAlignment": "left"
        },
        "content": [
          {
            "type": "text",
            "text": "Child 1",
            "styles": {}
          }
        ],
        "children": []
      },
      {
        "id": "8",
        "type": "bulletListItem",
        "props": {
          "textColor": "default",
          "backgroundColor": "default",
          "textAlignment": "left"
        },
        "content": [
          {
            "type": "text",
            "text": "Child 2",
            "styles": {}
          }
        ],
        "children": []
      },
      {
        "id": "9",
        "type": "checkListItem",
        "props": {
          "textColor": "default",
          "backgroundColor": "default",
          "textAlignment": "left",
          "checked": false
        },
        "content": [
          {
            "type": "text",
            "text": "Child 3",
            "styles": {}
          }
        ],
        "children": []
      },
      {
        "id": "10",
        "type": "checkListItem",
        "props": {
          "textColor": "default",
          "backgroundColor": "default",
          "textAlignment": "left",
          "checked": false
        },
        "content": [
          {
            "type": "text",
            "text": "Child 4",
            "styles": {}
          }
        ],
        "children": []
      }
    ]
  }
]