[
  {
    "id": "1",
    "type": "bulletListItem",
    "props": {
      "textColor": "default",
      "backgroundColor": "default",
      "textAlignment": "left"
    },
    "content": [
      {
        "type": "text",
        "text": "Bullet List Item",
        "styles": {}
      }
    ],
    "children": []
  },
  {
    "id": "2",
    "type": "bulletListItem",
    "props": {
      "textColor": "default",
      "backgroundColor": "default",
      "textAlignment": "left"
    },
    "content": [
      {
        "type": "text",
        "text": "Bullet List Item",
        "styles": {}
      }
    ],
    "children": [
      {
        "id": "3",
        "type": "bulletListItem",
        "props": {
          "textColor": "default",
          "backgroundColor": "default",
          "textAlignment": "left"
        },
        "content": [
          {
            "type": "text",
            "text": "Nested Bullet List Item",
            "styles": {}
          }
        ],
        "children": []
      },
      {
        "id": "4",
        "type": "bulletListItem",
        "props": {
          "textColor": "default",
          "backgroundColor": "default",
          "textAlignment": "left"
        },
        "content": [
          {
            "type": "text",
            "text": "Nested Bullet List Item",
            "styles": {}
          }
        ],
        "children": []
      }
    ]
  },
  {
    "id": "5",
    "type": "bulletListItem",
    "props": {
      "textColor": "default",
      "backgroundColor": "default",
      "textAlignment": "left"
    },
    "content": [
      {
        "type": "text",
        "text": "Bullet List Item",
        "styles": {}
      }
    ],
    "children": []
  },
  {
    "id": "6",
    "type": "numberedListItem",
    "props": {
      "textColor": "default",
      "backgroundColor": "default",
      "textAlignment": "left"
    },
    "content": [
      {
        "type": "text",
        "text": "Numbered List Item",
        "styles": {}
      }
    ],
    "children": []
  },
  {
    "id": "7",
    "type": "numberedListItem",
    "props": {
      "textColor": "default",
      "backgroundColor": "default",
      "textAlignment": "left"
    },
    "content": [
      {
        "type": "text",
        "text": "Numbered List Item",
        "styles": {}
      }
    ],
    "children": [
      {
        "id": "8",
        "type": "numberedListItem",
        "props": {
          "textColor": "default",
          "backgroundColor": "default",
          "textAlignment": "left"
        },
        "content": [
          {
            "type": "text",
            "text": "Nested Numbered List Item",
            "styles": {}
          }
        ],
        "children": []
      },
      {
        "id": "9",
        "type": "numberedListItem",
        "props": {
          "textColor": "default",
          "backgroundColor": "default",
          "textAlignment": "left"
        },
        "content": [
          {
            "type": "text",
            "text": "Nested Numbered List Item",
            "styles": {}
          }
        ],
        "children": []
      }
    ]
  },
  {
    "id": "10",
    "type": "numberedListItem",
    "props": {
      "textColor": "default",
      "backgroundColor": "default",
      "textAlignment": "left"
    },
    "content": [
      {
        "type": "text",
        "text": "Numbered List Item",
        "styles": {}
      }
    ],
    "children": []
  },
  {
    "id": "11",
    "type": "checkListItem",
    "props": {
      "textColor": "default",
      "backgroundColor": "default",
      "textAlignment": "left",
      "checked": false
    },
    "content": [
      {
        "type": "text",
        "text": "Checked List Item",
        "styles": {}
      }
    ],
    "children": []
  },
  {
    "id": "12",
    "type": "checkListItem",
    "props": {
      "textColor": "default",
      "backgroundColor": "default",
      "textAlignment": "left",
      "checked": false
    },
    "content": [
      {
        "type": "text",
        "text": "Checked List Item",
        "styles": {}
      }
    ],
    "children": [
      {
        "id": "13",
        "type": "checkListItem",
        "props": {
          "textColor": "default",
          "backgroundColor": "default",
          "textAlignment": "left",
          "checked": false
        },
        "content": [
          {
            "type": "text",
            "text": "Nested Checked List Item",
            "styles": {}
          }
        ],
        "children": []
      },
      {
        "id": "14",
        "type": "checkListItem",
        "props": {
          "textColor": "default",
          "backgroundColor": "default",
          "textAlignment": "left",
          "checked": false
        },
        "content": [
          {
            "type": "text",
            "text": "Nested Checked List Item",
            "styles": {}
          }
        ],
        "children": []
      }
    ]
  },
  {
    "id": "15",
    "type": "checkListItem",
    "props": {
      "textColor": "default",
      "backgroundColor": "default",
      "textAlignment": "left",
      "checked": false
    },
    "content": [
      {
        "type": "text",
        "text": "Checked List Item",
        "styles": {}
      }
    ],
    "children": []
  }
]