[
  {
    "id": "19",
    "type": "paragraph",
    "props": {
      "textColor": "default",
      "backgroundColor": "default",
      "textAlignment": "left"
    },
    "content": [
      {
        "type": "text",
        "text": "# Heading 1",
        "styles": {}
      }
    ],
    "children": []
  },
  {
    "id": "20",
    "type": "paragraph",
    "props": {
      "textColor": "default",
      "backgroundColor": "default",
      "textAlignment": "left"
    },
    "content": [
      {
        "type": "text",
        "text": "## Heading 2",
        "styles": {}
      }
    ],
    "children": []
  },
  {
    "id": "21",
    "type": "paragraph",
    "props": {
      "textColor": "default",
      "backgroundColor": "default",
      "textAlignment": "left"
    },
    "content": [
      {
        "type": "text",
        "text": "### Heading 3",
        "styles": {}
      }
    ],
    "children": []
  },
  {
    "id": "22",
    "type": "paragraph",
    "props": {
      "textColor": "default",
      "backgroundColor": "default",
      "textAlignment": "left"
    },
    "content": [
      {
        "type": "text",
        "text": "Paragraph",
        "styles": {}
      }
    ],
    "children": []
  },
  {
    "id": "23",
    "type": "paragraph",
    "props": {
      "textColor": "default",
      "backgroundColor": "default",
      "textAlignment": "left"
    },
    "content": [
      {
        "type": "text",
        "text": "P**ara***grap*h",
        "styles": {}
      }
    ],
    "children": []
  },
  {
    "id": "24",
    "type": "paragraph",
    "props": {
      "textColor": "default",
      "backgroundColor": "default",
      "textAlignment": "left"
    },
    "content": [
      {
        "type": "text",
        "text": "P*ara*~~grap~~h",
        "styles": {}
      }
    ],
    "children": []
  },
  {
    "id": "25",
    "type": "paragraph",
    "props": {
      "textColor": "default",
      "backgroundColor": "default",
      "textAlignment": "left"
    },
    "content": [
      {
        "type": "text",
        "text": "*   Bullet List Item",
        "styles": {}
      }
    ],
    "children": []
  },
  {
    "id": "26",
    "type": "paragraph",
    "props": {
      "textColor": "default",
      "backgroundColor": "default",
      "textAlignment": "left"
    },
    "content": [
      {
        "type": "text",
        "text": "*   Bullet List Item",
        "styles": {}
      }
    ],
    "children": []
  },
  {
    "id": "27",
    "type": "paragraph",
    "props": {
      "textColor": "default",
      "backgroundColor": "default",
      "textAlignment": "left"
    },
    "content": [
      {
        "type": "text",
        "text": "    *   Bullet List Item",
        "styles": {}
      }
    ],
    "children": []
  },
  {
    "id": "28",
    "type": "paragraph",
    "props": {
      "textColor": "default",
      "backgroundColor": "default",
      "textAlignment": "left"
    },
    "content": [
      {
        "type": "text",
        "text": "        *   Bullet List Item",
        "styles": {}
      }
    ],
    "children": []
  },
  {
    "id": "29",
    "type": "paragraph",
    "props": {
      "textColor": "default",
      "backgroundColor": "default",
      "textAlignment": "left"
    },
    "content": [
      {
        "type": "text",
        "text": "        Paragraph",
        "styles": {}
      }
    ],
    "children": []
  },
  {
    "id": "30",
    "type": "paragraph",
    "props": {
      "textColor": "default",
      "backgroundColor": "default",
      "textAlignment": "left"
    },
    "content": [
      {
        "type": "text",
        "text": "        1.  Numbered List Item",
        "styles": {}
      }
    ],
    "children": []
  },
  {
    "id": "31",
    "type": "paragraph",
    "props": {
      "textColor": "default",
      "backgroundColor": "default",
      "textAlignment": "left"
    },
    "content": [
      {
        "type": "text",
        "text": "        2.  Numbered List Item",
        "styles": {}
      }
    ],
    "children": []
  },
  {
    "id": "32",
    "type": "paragraph",
    "props": {
      "textColor": "default",
      "backgroundColor": "default",
      "textAlignment": "left"
    },
    "content": [
      {
        "type": "text",
        "text": "        3.  Numbered List Item",
        "styles": {}
      }
    ],
    "children": []
  },
  {
    "id": "33",
    "type": "paragraph",
    "props": {
      "textColor": "default",
      "backgroundColor": "default",
      "textAlignment": "left"
    },
    "content": [
      {
        "type": "text",
        "text": "            1.  Numbered List Item",
        "styles": {}
      }
    ],
    "children": []
  },
  {
    "id": "34",
    "type": "paragraph",
    "props": {
      "textColor": "default",
      "backgroundColor": "default",
      "textAlignment": "left"
    },
    "content": [
      {
        "type": "text",
        "text": "        *   Bullet List Item",
        "styles": {}
      }
    ],
    "children": []
  },
  {
    "id": "35",
    "type": "paragraph",
    "props": {
      "textColor": "default",
      "backgroundColor": "default",
      "textAlignment": "left"
    },
    "content": [
      {
        "type": "text",
        "text": "    *   Bullet List Item",
        "styles": {}
      }
    ],
    "children": []
  },
  {
    "id": "36",
    "type": "paragraph",
    "props": {
      "textColor": "default",
      "backgroundColor": "default",
      "textAlignment": "left"
    },
    "content": [
      {
        "type": "text",
        "text": "*   Bullet List Item",
        "styles": {}
      }
    ],
    "children": []
  },
  {
    "id": "37",
    "type": "paragraph",
    "props": {
      "textColor": "default",
      "backgroundColor": "default",
      "textAlignment": "left"
    },
    "content": [],
    "children": []
  }
]