[
  {
    "id": "5",
    "type": "paragraph",
    "props": {
      "textColor": "default",
      "backgroundColor": "default",
      "textAlignment": "left"
    },
    "content": [
      {
        "type": "text",
        "text": "- üìù item1",
        "styles": {}
      }
    ],
    "children": []
  },
  {
    "id": "6",
    "type": "paragraph",
    "props": {
      "textColor": "default",
      "backgroundColor": "default",
      "textAlignment": "left"
    },
    "content": [
      {
        "type": "text",
        "text": "- ‚öôÔ∏è item2",
        "styles": {}
      }
    ],
    "children": []
  },
  {
    "id": "7",
    "type": "paragraph",
    "props": {
      "textColor": "default",
      "backgroundColor": "default",
      "textAlignment": "left"
    },
    "content": [
      {
        "type": "text",
        "text": "- üîó item3",
        "styles": {}
      }
    ],
    "children": []
  },
  {
    "id": "8",
    "type": "paragraph",
    "props": {
      "textColor": "default",
      "backgroundColor": "default",
      "textAlignment": "left"
    },
    "content": [
      {
        "type": "text",
        "text": "# h1",
        "styles": {}
      }
    ],
    "children": []
  },
  {
    "id": "9",
    "type": "paragraph",
    "props": {
      "textColor": "default",
      "backgroundColor": "default",
      "textAlignment": "left"
    },
    "content": [],
    "children": []
  }
]