[
  {
    "id": "9",
    "type": "paragraph",
    "props": {
      "textColor": "default",
      "backgroundColor": "default",
      "textAlignment": "left"
    },
    "content": [
      {
        "type": "text",
        "text": "* a",
        "styles": {}
      }
    ],
    "children": []
  },
  {
    "id": "10",
    "type": "paragraph",
    "props": {
      "textColor": "default",
      "backgroundColor": "default",
      "textAlignment": "left"
    },
    "content": [
      {
        "type": "text",
        "text": "* b",
        "styles": {}
      }
    ],
    "children": []
  },
  {
    "id": "11",
    "type": "paragraph",
    "props": {
      "textColor": "default",
      "backgroundColor": "default",
      "textAlignment": "left"
    },
    "content": [
      {
        "type": "text",
        "text": "* c",
        "styles": {}
      }
    ],
    "children": []
  },
  {
    "id": "12",
    "type": "paragraph",
    "props": {
      "textColor": "default",
      "backgroundColor": "default",
      "textAlignment": "left"
    },
    "content": [
      {
        "type": "text",
        "text": "* d",
        "styles": {}
      }
    ],
    "children": []
  },
  {
    "id": "13",
    "type": "paragraph",
    "props": {
      "textColor": "default",
      "backgroundColor": "default",
      "textAlignment": "left"
    },
    "content": [
      {
        "type": "text",
        "text": "anything",
        "styles": {}
      }
    ],
    "children": []
  },
  {
    "id": "14",
    "type": "paragraph",
    "props": {
      "textColor": "default",
      "backgroundColor": "default",
      "textAlignment": "left"
    },
    "content": [
      {
        "type": "text",
        "text": "[a link](",
        "styles": {}
      },
      {
        "type": "link",
        "href": "http://example.com",
        "content": [
          {
            "type": "text",
            "text": "http://example.com",
            "styles": {}
          }
        ]
      },
      {
        "type": "text",
        "text": ")",
        "styles": {}
      }
    ],
    "children": []
  },
  {
    "id": "15",
    "type": "paragraph",
    "props": {
      "textColor": "default",
      "backgroundColor": "default",
      "textAlignment": "left"
    },
    "content": [
      {
        "type": "text",
        "text": "* another",
        "styles": {}
      }
    ],
    "children": []
  },
  {
    "id": "16",
    "type": "paragraph",
    "props": {
      "textColor": "default",
      "backgroundColor": "default",
      "textAlignment": "left"
    },
    "content": [
      {
        "type": "text",
        "text": "* list",
        "styles": {}
      }
    ],
    "children": []
  },
  {
    "id": "17",
    "type": "paragraph",
    "props": {
      "textColor": "default",
      "backgroundColor": "default",
      "textAlignment": "left"
    },
    "content": [],
    "children": []
  }
]