[
  {
    "id": "5",
    "type": "paragraph",
    "props": {
      "textColor": "default",
      "backgroundColor": "default",
      "textAlignment": "left"
    },
    "content": [
      {
        "type": "text",
        "text": "# Heading",
        "styles": {}
      }
    ],
    "children": []
  },
  {
    "id": "6",
    "type": "paragraph",
    "props": {
      "textColor": "default",
      "backgroundColor": "default",
      "textAlignment": "left"
    },
    "content": [
      {
        "type": "text",
        "text": "Paragraph",
        "styles": {}
      }
    ],
    "children": []
  },
  {
    "id": "7",
    "type": "paragraph",
    "props": {
      "textColor": "default",
      "backgroundColor": "default",
      "textAlignment": "left"
    },
    "content": [
      {
        "type": "text",
        "text": "*   Bullet List Item",
        "styles": {}
      }
    ],
    "children": []
  },
  {
    "id": "8",
    "type": "paragraph",
    "props": {
      "textColor": "default",
      "backgroundColor": "default",
      "textAlignment": "left"
    },
    "content": [
      {
        "type": "text",
        "text": "1.  Numbered List Item",
        "styles": {}
      }
    ],
    "children": []
  },
  {
    "id": "9",
    "type": "paragraph",
    "props": {
      "textColor": "default",
      "backgroundColor": "default",
      "textAlignment": "left"
    },
    "content": [],
    "children": []
  }
]